 gcc -g p11original.c
îº§ gdb a.out
GNU gdb (Ubuntu 8.1.1-0ubuntu1) 8.1.1
Copyright (C) 2018 Free Software Foundation, Inc.
License GPLv3+: GNU GPL version 3 or later <http://gnu.org/licenses/gpl.html>
This is free software: you are free to change and redistribute it.
There is NO WARRANTY, to the extent permitted by law.  Type "show copying"
and "show warranty" for details.
This GDB was configured as "x86_64-linux-gnu".
Type "show configuration" for configuration details.
For bug reporting instructions, please see:
<http://www.gnu.org/software/gdb/bugs/>.
Find the GDB manual and other documentation resources online at:
<http://www.gnu.org/software/gdb/documentation/>.
For help, type "help".
Type "apropos word" to search for commands related to "word"...
Reading symbols from a.out...done.
(gdb) b main
Breakpoint 1 at 0x77b: file p11original.c, line 7.
(gdb) r
Starting program: /home/runner/test-1-vishal844579/a.out 
warning: Error disabling address space randomization: Operation not permitted

Breakpoint 1, main () at p11original.c:7
7   {
(gdb) n
9     printf("enter number of complex numbers to be added\n");
(gdb) n
enter number of complex numbers to be added
10    scanf("%d",&n);
(gdb) n
3
11    struct complex c[n], total;
(gdb) n
12    total.realpart=0;
(gdb) n
13    total.imaginarypart=0;
(gdb) n
14    for(i=0;i<n;i++)
(gdb) n
16      printf("enter the real part of %d\n",i+1);
(gdb) n
enter the real part of 1
17      scanf("%d",&c[i].realpart);
(gdb) n
4
18      printf("enter the imaginary part of %d\n",i+1);
(gdb) n
enter the imaginary part of 1
19      scanf("%d",&c[i].imaginarypart);
(gdb) n
5
20      total.realpart+=c[i].realpart;
(gdb) n
21      total.imaginarypart+=c[i].imaginarypart;
(gdb) n
14    for(i=0;i<n;i++)
(gdb) n
16      printf("enter the real part of %d\n",i+1);
(gdb) n
enter the real part of 2
17      scanf("%d",&c[i].realpart);
(gdb) n
5
18      printf("enter the imaginary part of %d\n",i+1);
(gdb) n
enter the imaginary part of 2
19      scanf("%d",&c[i].imaginarypart);
(gdb) n
6
20      total.realpart+=c[i].realpart;
(gdb) n
21      total.imaginarypart+=c[i].imaginarypart;
(gdb) n
14    for(i=0;i<n;i++)
(gdb) n
16      printf("enter the real part of %d\n",i+1);
(gdb) n
enter the real part of 3
17      scanf("%d",&c[i].realpart);
(gdb) n
6
18      printf("enter the imaginary part of %d\n",i+1);
(gdb) n
enter the imaginary part of 3
19      scanf("%d",&c[i].imaginarypart);
(gdb) n
7
20      total.realpart+=c[i].realpart;
(gdb) n
21      total.imaginarypart+=c[i].imaginarypart;
(gdb) n
14    for(i=0;i<n;i++)
(gdb) n
23    if(total.imaginarypart>=0)
(gdb) n
24    printf("%d+%di\n",total.realpart,total.imaginarypart);
(gdb) n
15+18i
27  }(gdb) 