gcc -g p4original.c
îº§ gdb a.out
GNU gdb (Ubuntu 8.1.1-0ubuntu1) 8.1.1
Copyright (C) 2018 Free Software Foundation, Inc.
License GPLv3+: GNU GPL version 3 or later <http://gnu.org/licenses/gpl.html>
This is free software: you are free to change and redistribute it.
There is NO WARRANTY, to the extent permitted by law.  Type "show copying"
and "show warranty" for details.
This GDB was configured as "x86_64-linux-gnu".
Type "show configuration" for configuration details.
For bug reporting instructions, please see:
<http://www.gnu.org/software/gdb/bugs/>.
Find the GDB manual and other documentation resources online at:
<http://www.gnu.org/software/gdb/documentation/>.
For help, type "help".
Type "apropos word" to search for commands related to "word"...
Reading symbols from a.out...done.
(gdb) b main
Breakpoint 1 at 0x772: file p4original.c, line 4.
(gdb) r
Starting program: /home/runner/test-1-vishal844579/a.out 
warning: Error disabling address space randomization: Operation not permitted

Breakpoint 1, main () at p4original.c:4
4   {
(gdb) n
6     printf("enter three integers\n");
(gdb) n
enter three integers
7     scanf("%d %d %d",&a,&b,&c);
(gdb) s
__isoc99_scanf (format=0x5634a4a008dd "%d %d %d") at isoc99_scanf.c:27
27  isoc99_scanf.c: No such file or directory.
(gdb) c
Continuing.
c
biggest of 22068, -1271274512 and 32767 is 32767
[Inferior 1 (process 423) exited normally]
(gdb) 