gcc -g p6original.c
 gdb a.out
GNU gdb (Ubuntu 8.1.1-0ubuntu1) 8.1.1
Copyright (C) 2018 Free Software Foundation, Inc.
License GPLv3+: GNU GPL version 3 or later <http://gnu.org/licenses/gpl.html>
 
 gcc -g p7original.c
 gdb a.out
GNU gdb (Ubuntu 8.1.1-0ubuntu1) 8.1.1
Copyright (C) 2018 Free Software Foundation, Inc.
License GPLv3+: GNU GPL version 3 or later <http://gnu.org/licenses/gpl.html>
This is free software: you are free to change and redistribute it.
There is NO WARRANTY, to the extent permitted by law.  Type "show copying"
and "show warranty" for details.
This GDB was configured as "x86_64-linux-gnu".
Type "show configuration" for configuration details.
For bug reporting instructions, please see:
<http://www.gnu.org/software/gdb/bugs/>.
Find the GDB manual and other documentation resources online at:
<http://www.gnu.org/software/gdb/documentation/>.
For help, type "help".
Type "apropos word" to search for commands related to "word"...
Reading symbols from a.out...done.
(gdb) b main
Breakpoint 1 at 0x772: file p7original.c, line 3.
(gdb) r
Starting program: /home/runner/test-1-vishal844579/a.out 
warning: Error disabling address space randomization: Operation not permitted

Breakpoint 1, main () at p7original.c:3
3   {
(gdb) n
4     int a,b,c,sum=0;
(gdb) s
5     printf("enter the values\n");
(gdb) c
Continuing.
enter the values
c
the sum of -633338272,22095 and -1655491568 is 2006159551[Inferior 1 (process 688) exited normally]
(gdb) 