gcc -g p8original.c -lm
îº§ gdb a.out
GNU gdb (Ubuntu 8.1.1-0ubuntu1) 8.1.1
Copyright (C) 2018 Free Software Foundation, Inc.
License GPLv3+: GNU GPL version 3 or later <http://gnu.org/licenses/gpl.html>
This is free software: you are free to change and redistribute it.
There is NO WARRANTY, to the extent permitted by law.  Type "show copying"
and "show warranty" for details.
This GDB was configured as "x86_64-linux-gnu".
Type "show configuration" for configuration details.
For bug reporting instructions, please see:
<http://www.gnu.org/software/gdb/bugs/>.
Find the GDB manual and other documentation resources online at:
<http://www.gnu.org/software/gdb/documentation/>.
For help, type "help".
Type "apropos word" to search for commands related to "word"...
Reading symbols from a.out...done.
(gdb) b main
Breakpoint 1 at 0x7e2: file p8original.c, line 4.
(gdb) b main
Note: breakpoint 1 also set at pc 0x7e2.
Breakpoint 2 at 0x7e2: file p8original.c, line 4.
(gdb) r
Starting program: /home/runner/test-1-vishal844579/a.out 
warning: Error disabling address space randomization: Operation not permitted

Breakpoint 1, main () at p8original.c:4
4   {
(gdb) n
7     printf("enter the number\n");
(gdb) n
enter the number
8     scanf("%d",&a);
(gdb) n
4
9     ans=sqrt(a);
(gdb) c
Continuing.
the squareroot of number 4 is 2.000000[Inferior 1 (process 616) exited normally]
(gdb) 